// Jest Snapshot v1, https://goo.gl/fbAQLP

exports[`Map should render successfully 1`] = `
<body>
  <div>
    <div
      class="map__StyledMapContainer-sc-9kf5s1-0 iZzlqV leaflet-container leaflet-grab leaflet-touch-drag"
      style="position: relative;"
      tabindex="0"
    >
      <div
        class="leaflet-pane leaflet-map-pane"
        style="left: 0px; top: 0px;"
      >
        <div
          class="leaflet-pane leaflet-tile-pane"
        >
          <div
            class="leaflet-layer "
            style="z-index: 1;"
          >
            <div
              class="leaflet-tile-container leaflet-zoom-animated"
              style="z-index: 18; left: 0px; top: 0px;"
            >
              <img
                alt=""
                class="leaflet-tile"
                role="presentation"
                src="https://b.tile.openstreetmap.org/13/4093/2724.png"
                style="width: 256px; height: 256px; left: -244px; top: -35px;"
              />
            </div>
          </div>
        </div>
        <div
          class="leaflet-pane leaflet-shadow-pane"
        />
        <div
          class="leaflet-pane leaflet-overlay-pane"
        />
        <div
          class="leaflet-pane leaflet-marker-pane"
        >
          <img
            alt=""
            class="leaflet-marker-icon leaflet-zoom-hide leaflet-interactive"
            src="function SvgMap_marker(props) {
  return React.createElement(
    'svg', 
    Object.assign({}, props, {'data-file-name': SvgMap_marker.name})
  );
}"
            style="margin-left: -25px; margin-top: -25px; width: 50px; height: 50px; left: 0px; top: 0px; z-index: 0;"
            tabindex="0"
          />
        </div>
        <div
          class="leaflet-pane leaflet-tooltip-pane"
        />
        <div
          class="leaflet-pane leaflet-popup-pane"
        />
      </div>
      <div
        class="leaflet-control-container"
      >
        <div
          class="leaflet-top leaflet-left"
        >
          <div
            class="leaflet-control-zoom leaflet-bar leaflet-control"
          >
            <a
              aria-label="Zoom in"
              class="leaflet-control-zoom-in"
              href="#"
              role="button"
              title="Zoom in"
            >
              +
            </a>
            <a
              aria-label="Zoom out"
              class="leaflet-control-zoom-out"
              href="#"
              role="button"
              title="Zoom out"
            >
              −
            </a>
          </div>
        </div>
        <div
          class="leaflet-top leaflet-right"
        />
        <div
          class="leaflet-bottom leaflet-left"
        />
        <div
          class="leaflet-bottom leaflet-right"
        >
          <div
            class="leaflet-control-attribution leaflet-control"
          >
            <a
              href="https://leafletjs.com"
              title="A JS library for interactive maps"
            >
              Leaflet
            </a>
             | © 
            <a
              href="http://osm.org/copyright"
            >
              OpenStreetMap
            </a>
             contributors
          </div>
        </div>
      </div>
    </div>
  </div>
</body>
`;
